<html>
<body>
<pre>
<h1>µVision Build Log</h1>
<h2>Tool Versions:</h2>
IDE-Version: £gVision V5.23.0.0
Copyright (C) 2017 ARM Ltd and ARM Germany GmbH. All rights reserved.
License Information: ¾GÀA©ú user, HUST, LIC=----
 
Tool Versions:
Toolchain:       MDK-Lite  Version: 5.23
Toolchain Path:  D:\keil_v5\ARM\ARMCC\Bin
C Compiler:      Armcc.exe V5.06 update 4 (build 422)
Assembler:       Armasm.exe V5.06 update 4 (build 422)
Linker/Locator:  ArmLink.exe V5.06 update 4 (build 422)
Library Manager: ArmAr.exe V5.06 update 4 (build 422)
Hex Converter:   FromElf.exe V5.06 update 4 (build 422)
CPU DLL:         SARMCM3.DLL V5.23
Dialog DLL:      DARMCM1.DLL V1.17.0.0
Target DLL:      CMSIS_AGDI.dll V1.27.5.0
Dialog DLL:      TARMCM1.DLL V1.12.0.0
 
<h2>Project:</h2>
D:\B217\School_brother\zigbee_button\zigbee_button_2\ex.uvprojx
Project File Date:  09/04/2018

<h2>Output:</h2>
*** Using Compiler 'V5.06 update 4 (build 422)', folder: 'D:\keil_v5\ARM\ARMCC\Bin'
*** Warning: Using Microlib and C++ file(s) might cause the linker to fail !
  
Build target 'ex'
compiling Main.cpp...
Main.cpp(216): warning:  #1-D: last line of file ends without a newline
  }
Main.cpp(97): warning:  #177-D: variable "i"  was declared but never referenced
  	uint8_t i;
Main.cpp(98): warning:  #177-D: variable "second_flag"  was declared but never referenced
  	int second_flag=1;
Main.cpp: 3 warnings, 0 errors
linking...
Program Size: Code=5904 RO-data=2220 RW-data=148 ZI-data=1060  
FromELF: creating hex file...
After Build - User command #1: fromelf --bin -o D:\B217\School_brother\zigbee_button\zigbee_button_2\Out\ex.axf.bin D:\B217\School_brother\zigbee_button\zigbee_button_2\Out\ex.axf
".\Out\ex.axf" - 0 Error(s), 3 Warning(s).

<h2>Collection of Component include folders:</h2>
  .\RTE\_ex
  D:\keil_v5\ARM\PACK\Holtek\HT32_DFP\1.0.16\ARM\INC\Holtek\HT32F5xxxx

<h2>Collection of Component Files used:</h2>
Build Time Elapsed:  00:00:02
</pre>
</body>
</html>
