<html>
<body>
<pre>
<h1>µVision Build Log</h1>
<h2>Tool Versions:</h2>
IDE-Version: £gVision V5.23.0.0
Copyright (C) 2017 ARM Ltd and ARM Germany GmbH. All rights reserved.
License Information: ¾GÀA©ú user, HUST, LIC=----
 
Tool Versions:
Toolchain:       MDK-Lite  Version: 5.23
Toolchain Path:  D:\keil_v5\ARM\ARMCC\Bin
C Compiler:      Armcc.exe V5.06 update 4 (build 422)
Assembler:       Armasm.exe V5.06 update 4 (build 422)
Linker/Locator:  ArmLink.exe V5.06 update 4 (build 422)
Library Manager: ArmAr.exe V5.06 update 4 (build 422)
Hex Converter:   FromElf.exe V5.06 update 4 (build 422)
CPU DLL:         SARMCM3.DLL V5.23
Dialog DLL:      DARMCM1.DLL V1.17.0.0
Target DLL:      STLink\ST-LINKIII-KEIL_SWO.dll V2.0.18.0
Dialog DLL:      TARMCM1.DLL V1.12.0.0
 
<h2>Project:</h2>
D:\B217\stm32\Exercise\HUSTKIT3_MAC2_0904_test\HUSTKIT3_MAC2_ex.uvprojx
Project File Date:  07/25/2018

<h2>Output:</h2>
*** Using Compiler 'V5.06 update 4 (build 422)', folder: 'D:\keil_v5\ARM\ARMCC\Bin'
Build target 'HUSTKIT3_MAC2_ex'
compiling Main.cpp...
Main.cpp(118): warning:  #177-D: variable "Lux_Value"  was declared but never referenced
  	int Lux_Value;
Main.cpp(119): warning:  #177-D: variable "Tem_H"  was declared but never referenced
  	int Tem_H, Tem_L, STem;
Main.cpp(119): warning:  #177-D: variable "Tem_L"  was declared but never referenced
  	int Tem_H, Tem_L, STem;
Main.cpp(119): warning:  #177-D: variable "STem"  was declared but never referenced
  	int Tem_H, Tem_L, STem;
Main.cpp(120): warning:  #177-D: variable "Tem_Value"  was declared but never referenced
  	float Tem_Value;
Main.cpp(121): warning:  #177-D: variable "SRH"  was declared but never referenced
  	int SRH, Hum_H, Hum_L, Hum_Value;
Main.cpp(121): warning:  #177-D: variable "Hum_H"  was declared but never referenced
  	int SRH, Hum_H, Hum_L, Hum_Value;
Main.cpp(121): warning:  #177-D: variable "Hum_L"  was declared but never referenced
  	int SRH, Hum_H, Hum_L, Hum_Value;
Main.cpp(121): warning:  #177-D: variable "Hum_Value"  was declared but never referenced
  	int SRH, Hum_H, Hum_L, Hum_Value;
Main.cpp(122): warning:  #177-D: variable "eCO2_H"  was declared but never referenced
  	int eCO2_H, eCO2_L, eCO2_Value;
Main.cpp(122): warning:  #177-D: variable "eCO2_L"  was declared but never referenced
  	int eCO2_H, eCO2_L, eCO2_Value;
Main.cpp(122): warning:  #177-D: variable "eCO2_Value"  was declared but never referenced
  	int eCO2_H, eCO2_L, eCO2_Value;
Main.cpp(123): warning:  #177-D: variable "TVOC_H"  was declared but never referenced
  	int TVOC_H, TVOC_L, TVOC_Value;
Main.cpp(123): warning:  #177-D: variable "TVOC_L"  was declared but never referenced
  	int TVOC_H, TVOC_L, TVOC_Value;
Main.cpp(123): warning:  #177-D: variable "TVOC_Value"  was declared but never referenced
  	int TVOC_H, TVOC_L, TVOC_Value;
Main.cpp(124): warning:  #177-D: variable "CH2O_H"  was declared but never referenced
  	int CH2O_H, CH2O_L, CH2O_Value;
Main.cpp(124): warning:  #177-D: variable "CH2O_L"  was declared but never referenced
  	int CH2O_H, CH2O_L, CH2O_Value;
Main.cpp(124): warning:  #177-D: variable "CH2O_Value"  was declared but never referenced
  	int CH2O_H, CH2O_L, CH2O_Value;
Main.cpp: 18 warnings, 0 errors
linking...
Program Size: Code=10524 RO-data=2424 RW-data=68 ZI-data=2804  
FromELF: creating hex file...
".\Out\ex.axf" - 0 Error(s), 18 Warning(s).

<h2>Software Packages used:</h2>

Package Vendor: ARM
                http://www.keil.com/pack/ARM.CMSIS.5.0.1.pack
                ARM::CMSIS:CORE:5.0.1
                CMSIS (Cortex Microcontroller Software Interface Standard)
   * Component: CORE Version: 5.0.1

<h2>Collection of Component include folders:</h2>
  .\RTE\_HUSTKIT3_MAC2_ex
  D:\keil_v5\ARM\PACK\ARM\CMSIS\5.0.1\CMSIS\Include
  D:\keil_v5\ARM\PACK\Keil\STM32F0xx_DFP\2.0.0\Drivers\CMSIS\Device\ST\STM32F0xx\Include

<h2>Collection of Component Files used:</h2>

   * Component: ARM::CMSIS:CORE:5.0.1
Build Time Elapsed:  00:00:01
</pre>
</body>
</html>
