<html>
<body>
<pre>
<h1>µVision Build Log</h1>
<h2>Tool Versions:</h2>
IDE-Version: £gVision V5.23.0.0
Copyright (C) 2017 ARM Ltd and ARM Germany GmbH. All rights reserved.
License Information: liao kuoliang, lian, LIC=CZLPC-70ZYC-SY9VA-1SMLL-82HWG-03L7T
 
Tool Versions:
Toolchain:       MDK-ARM Plus  Version: 5.23
Toolchain Path:  C:\Keil_v5\ARM\ARMCC\Bin
C Compiler:      Armcc.exe V5.06 update 4 (build 422)
Assembler:       Armasm.exe V5.06 update 4 (build 422)
Linker/Locator:  ArmLink.exe V5.06 update 4 (build 422)
Library Manager: ArmAr.exe V5.06 update 4 (build 422)
Hex Converter:   FromElf.exe V5.06 update 4 (build 422)
CPU DLL:         SARMCM3.DLL V5.23
Dialog DLL:      DARMCM1.DLL V1.17.0.0
Target DLL:      CMSIS_AGDI.dll V1.27.5.0
Dialog DLL:      TARMCM1.DLL V1.12.0.0
 
<h2>Project:</h2>
\\Mac\Home\Downloads\NANO-HT32_SDK_0003_20180914\SerialPC4PC5_ex\ex.uvprojx
Project File Date:  09/03/2018

<h2>Output:</h2>
*** Using Compiler 'V5.06 update 4 (build 422)', folder: 'C:\Keil_v5\ARM\ARMCC\Bin'
*** Warning: Using Microlib and C++ file(s) might cause the linker to fail !
  
Build target 'ex'
compiling Serial.cpp...
linking...
Program Size: Code=5916 RO-data=2220 RW-data=136 ZI-data=1160  
FromELF: creating hex file...
After Build - User command #1: fromelf --bin -o \\Mac\Home\Downloads\NANO-HT32_SDK_0003_20180914\SerialPC4PC5_ex\Out\ex.axf.bin \\Mac\Home\Downloads\NANO-HT32_SDK_0003_20180914\SerialPC4PC5_ex\Out\ex.axf
".\Out\ex.axf" - 0 Error(s), 0 Warning(s).

<h2>Collection of Component include folders:</h2>
  .\RTE\_ex
  C:\Keil_v5\ARM\PACK\Holtek\HT32_DFP\1.0.11\ARM\INC\Holtek\HT32F5xxxx

<h2>Collection of Component Files used:</h2>
Build Time Elapsed:  00:00:02
</pre>
</body>
</html>
