<html>
<body>
<pre>
<h1>µVision Build Log</h1>
<h2>Tool Versions:</h2>
IDE-Version: £gVision V5.24.2.0
Copyright (C) 2017 ARM Ltd and ARM Germany GmbH. All rights reserved.
License Information: han lin, hust, LIC=----
 
Tool Versions:
Toolchain:       MDK-Lite  Version: 5.24.1
Toolchain Path:  C:\Keil_v5\ARM\ARMCC\Bin
C Compiler:      Armcc.exe V5.06 update 5 (build 528)
Assembler:       Armasm.exe V5.06 update 5 (build 528)
Linker/Locator:  ArmLink.exe V5.06 update 5 (build 528)
Library Manager: ArmAr.exe V5.06 update 5 (build 528)
Hex Converter:   FromElf.exe V5.06 update 5 (build 528)
CPU DLL:         SARMCM3.DLL V5.24.1
Dialog DLL:      DARMCM1.DLL V1.18.0.0
Target DLL:      CMSIS_AGDI.dll V1.28.3.0
Dialog DLL:      TARMCM1.DLL V1.13.0.0
 
<h2>Project:</h2>
C:\HT32_ex\NANO-HT32_SDK_U0PC4PC5_0005_20181121\ADXL345_ex\ex.uvprojx
Project File Date:  11/22/2018

<h2>Output:</h2>
*** Using Compiler 'V5.06 update 5 (build 528)', folder: 'C:\Keil_v5\ARM\ARMCC\Bin'
*** Warning: Using Microlib and C++ file(s) might cause the linker to fail !
  
Rebuild target 'ex'
compiling Main.cpp...
compiling HT32IO.cpp...
compiling OLED.cpp...
compiling Print.cpp...
compiling Stream.cpp...
compiling WString.cpp...
compiling ht32f5xxxx_01_it.c...
compiling SoftwareWire.cpp...
compiling ADXL345.cpp...
assembling ht32_op.s...
assembling startup_ht32f5xxxx_01.s...
compiling system_ht32f5xxxx_01.c...
compiling ht32_cm0plus_misc.c...
compiling ht32f5xxxx_adc.c...
compiling ht32f5xxxx_bftm.c...
compiling ht32f5xxxx_ckcu.c...
compiling ht32f5xxxx_cmp.c...
compiling ht32f5xxxx_crc.c...
compiling ht32f5xxxx_ebi.c...
compiling ht32f5xxxx_exti.c...
compiling ht32f5xxxx_flash.c...
compiling ht32f5xxxx_gpio.c...
compiling ht32f5xxxx_i2c.c...
compiling ht32f5xxxx_i2s.c...
compiling ht32f5xxxx_mctm.c...
compiling ht32f5xxxx_pdma.c...
compiling ht32f5xxxx_pwrcu.c...
compiling ht32f5xxxx_rstcu.c...
compiling ht32f5xxxx_rtc.c...
compiling ht32f5xxxx_sci.c...
compiling ht32f5xxxx_spi.c...
compiling ht32f5xxxx_tm.c...
compiling ht32f5xxxx_usart.c...
compiling ht32f5xxxx_wdt.c...
compiling ht32_retarget.c...
compiling ht32_serial.c...
linking...
Program Size: Code=7044 RO-data=2208 RW-data=100 ZI-data=620  
FromELF: creating hex file...
After Build - User command #1: fromelf --bin -o C:\HT32_ex\NANO-HT32_SDK_U0PC4PC5_0005_20181121\ADXL345_ex\Out\ex.axf.bin C:\HT32_ex\NANO-HT32_SDK_U0PC4PC5_0005_20181121\ADXL345_ex\Out\ex.axf
".\Out\ex.axf" - 0 Error(s), 0 Warning(s).

<h2>Software Packages used:</h2>

Package Vendor: Holtek
                http://mcu.holtek.com.tw/pack/Holtek.HT32_DFP.1.0.16.pack
                Holtek.HT32_DFP.1.0.16
                Holtek HT32 Family Support

<h2>Collection of Component include folders:</h2>
  .\RTE\_ex
  C:\Keil_v5\ARM\PACK\Holtek\HT32_DFP\1.0.16\ARM\INC\Holtek\HT32F5xxxx

<h2>Collection of Component Files used:</h2>
Build Time Elapsed:  00:00:18
</pre>
</body>
</html>
