<html>
<body>
<pre>
<h1>µVision Build Log</h1>
<h2>Tool Versions:</h2>
IDE-Version: £gVision V5.23.0.0
Copyright (C) 2017 ARM Ltd and ARM Germany GmbH. All rights reserved.
License Information: liao kuoliang, lian, LIC=CZLPC-70ZYC-SY9VA-1SMLL-82HWG-03L7T
 
Tool Versions:
Toolchain:       MDK-ARM Plus  Version: 5.23
Toolchain Path:  C:\Keil_v5\ARM\ARMCC\Bin
C Compiler:      Armcc.exe V5.06 update 4 (build 422)
Assembler:       Armasm.exe V5.06 update 4 (build 422)
Linker/Locator:  ArmLink.exe V5.06 update 4 (build 422)
Library Manager: ArmAr.exe V5.06 update 4 (build 422)
Hex Converter:   FromElf.exe V5.06 update 4 (build 422)
CPU DLL:         SARMCM3.DLL V5.23
Dialog DLL:      DARMCM1.DLL V1.17.0.0
Target DLL:      STLink\ST-LINKIII-KEIL_SWO.dll V2.0.18.0
Dialog DLL:      TARMCM1.DLL V1.12.0.0
 
<h2>Project:</h2>
Z:\Downloads\NANO030_SDK_0006_20180718_03\HUSTKIT1_LIGHT1_ex\HUSTKIT1_LIGHT1_ex.uvprojx
Project File Date:  07/19/2018

<h2>Output:</h2>
*** Using Compiler 'V5.06 update 4 (build 422)', folder: 'C:\Keil_v5\ARM\ARMCC\Bin'
Build target 'HUSTKIT1_LIGHT1_ex'
compiling Main.cpp...
Main.cpp(57): warning:  #177-D: variable "i"  was declared but never referenced
        uint8_t i;
Main.cpp(110): warning:  #177-D: variable "j"  was declared but never referenced
        uint8_t i,j;
Main.cpp(178): warning:  #177-D: variable "j"  was declared but never referenced
        uint8_t i,j;
Main.cpp(180): warning:  #177-D: variable "ipbuf"  was declared but never referenced
        char ipbuf[10];
Main.cpp(207): warning:  #177-D: variable "i"  was declared but never referenced
        uint8_t i,j;
Main.cpp(207): warning:  #177-D: variable "j"  was declared but never referenced
        uint8_t i,j;
Main.cpp(209): warning:  #177-D: variable "ipbuf"  was declared but never referenced
        char ipbuf[10];
Main.cpp: 7 warnings, 0 errors
linking...
Program Size: Code=14660 RO-data=2696 RW-data=80 ZI-data=3840  
FromELF: creating hex file...
".\Out\ex.axf" - 0 Error(s), 7 Warning(s).

<h2>Software Packages used:</h2>

Package Vendor: ARM
                http://www.keil.com/pack/ARM.CMSIS.5.3.0.pack
                ARM::CMSIS:CORE:5.1.1
                CMSIS (Cortex Microcontroller Software Interface Standard)
   * Component: CORE Version: 5.1.1

<h2>Collection of Component include folders:</h2>
  .\RTE\_HUSTKIT1_LIGHT1_ex
  C:\Keil_v5\ARM\PACK\ARM\CMSIS\5.3.0\CMSIS\Include
  C:\Keil_v5\ARM\PACK\Keil\STM32F0xx_DFP\2.0.0\Drivers\CMSIS\Device\ST\STM32F0xx\Include

<h2>Collection of Component Files used:</h2>

   * Component: ARM::CMSIS:CORE:5.1.1
Build Time Elapsed:  00:00:02
</pre>
</body>
</html>
