<html>
<body>
<pre>
<h1>µVision Build Log</h1>
<h2>Tool Versions:</h2>
IDE-Version: £gVision V5.23.0.0
Copyright (C) 2017 ARM Ltd and ARM Germany GmbH. All rights reserved.
License Information: ¾GÀA©ú user, HUST, LIC=----
 
Tool Versions:
Toolchain:       MDK-Lite  Version: 5.23
Toolchain Path:  D:\keil_v5\ARM\ARMCC\Bin
C Compiler:      Armcc.exe V5.06 update 4 (build 422)
Assembler:       Armasm.exe V5.06 update 4 (build 422)
Linker/Locator:  ArmLink.exe V5.06 update 4 (build 422)
Library Manager: ArmAr.exe V5.06 update 4 (build 422)
Hex Converter:   FromElf.exe V5.06 update 4 (build 422)
CPU DLL:         SARMCM3.DLL V5.23
Dialog DLL:      DARMCM1.DLL V1.17.0.0
Target DLL:      STLink\ST-LINKIII-KEIL_SWO.dll V2.0.18.0
Dialog DLL:      TARMCM1.DLL V1.12.0.0
 
<h2>Project:</h2>
D:\B217\stm32\0525\0525_ex2\0525_ex2.uvprojx
Project File Date:  12/26/2017

<h2>Output:</h2>
*** Using Compiler 'V5.06 update 4 (build 422)', folder: 'D:\keil_v5\ARM\ARMCC\Bin'
Rebuild target 'DHT12_ex2'
compiling Irq.c...
compiling Main.cpp...
compiling Nano030.cpp...
compiling WString.cpp...
compiling Stream.cpp...
compiling Print.cpp...
compiling OLED.cpp...
compiling DHT12.cpp...
assembling startup_stm32f030x8.s...
compiling ADXL345.cpp...
compiling SoftwareWire.cpp...
compiling system_stm32f0xx.c...
compiling stm32f0xx_hal_adc_ex.c...
compiling stm32f0xx_hal_tim_ex.c...
compiling stm32f0xx_hal_uart_ex.c...
compiling stm32f0xx_hal_rcc.c...
compiling stm32f0xx_hal_gpio.c...
compiling stm32f0xx_hal_adc.c...
compiling stm32f0xx_hal_rcc_ex.c...
compiling stm32f0xx_hal_cortex.c...
compiling stm32f0xx_hal_dma.c...
compiling stm32f0xx_hal.c...
compiling stm32f0xx_hal_uart.c...
compiling stm32f0xx_hal_tim.c...
linking...
Program Size: Code=13220 RO-data=2532 RW-data=76 ZI-data=2292  
FromELF: creating hex file...
".\Out\ex.axf" - 0 Error(s), 0 Warning(s).

<h2>Software Packages used:</h2>

Package Vendor: ARM
                http://www.keil.com/pack/ARM.CMSIS.5.0.1.pack
                ARM::CMSIS:CORE:5.0.1
                CMSIS (Cortex Microcontroller Software Interface Standard)
   * Component: CORE Version: 5.0.1

<h2>Collection of Component include folders:</h2>
  .\RTE\_DHT12_ex2
  D:\keil_v5\ARM\PACK\ARM\CMSIS\5.0.1\CMSIS\Include
  D:\keil_v5\ARM\PACK\Keil\STM32F0xx_DFP\2.0.0\Drivers\CMSIS\Device\ST\STM32F0xx\Include

<h2>Collection of Component Files used:</h2>

   * Component: ARM::CMSIS:CORE:5.0.1
Build Time Elapsed:  00:00:08
</pre>
</body>
</html>
